  run 1: 17.98 tok/s  (n=300)
  run 2: 16.97 tok/s  (n=300)
  run 3: 16.40 tok/s  (n=300)
  run 4: 17.66 tok/s  (n=300)
  run 5: 18.10 tok/s  (n=300)
  run 6: 16.79 tok/s  (n=300)
  run 7: 20.13 tok/s  (n=300)
  run 8: 18.04 tok/s  (n=300)
{
 "name": "v3a",
 "all_full_length": true,
 "decode": {
  "median": 17.82,
  "mean": 17.76,
  "stdev": 1.15,
  "min": 16.4,
  "max": 20.13
 },
 "spec": {
  "drafts": 877.0,
  "draft_tokens": 2625.0,
  "accepted": 1511.0,
  "acceptance_pct": 57.6,
  "accepted_per_draft": 1.72
 }
}
