  run 1: 18.68 tok/s  (n=300)
  run 2: 18.31 tok/s  (n=300)
  run 3: 17.38 tok/s  (n=300)
  run 4: 18.14 tok/s  (n=300)
  run 5: 18.50 tok/s  (n=300)
  run 6: 26.06 tok/s  (n=300)
  run 7: 20.16 tok/s  (n=300)
  run 8: 18.95 tok/s  (n=300)
{
 "name": "v2a",
 "all_full_length": true,
 "decode": {
  "median": 18.59,
  "mean": 19.52,
  "stdev": 2.76,
  "min": 17.38,
  "max": 26.06
 },
 "spec": {
  "drafts": 889.0,
  "draft_tokens": 2658.0,
  "accepted": 1500.0,
  "acceptance_pct": 56.4,
  "accepted_per_draft": 1.69
 }
}
